../Core/Src/ili9341.c:66:6:sendSPI	16	static
../Core/Src/ili9341.c:71:6:Delay	16	static
../Core/Src/ili9341.c:76:13:RESET_L	8	static
../Core/Src/ili9341.c:81:13:RESET_H	8	static
../Core/Src/ili9341.c:86:13:CS_L	8	static
../Core/Src/ili9341.c:91:13:CS_H	8	static
../Core/Src/ili9341.c:96:13:DC_L	8	static
../Core/Src/ili9341.c:101:13:DC_H	8	static
../Core/Src/ili9341.c:106:13:LED_H	4	static
../Core/Src/ili9341.c:114:6:ILI9341_Init	8	static
../Core/Src/ili9341.c:236:6:ILI9341_SetWindow	24	static
../Core/Src/ili9341.c:253:6:ILI9341_WritePixel	24	static
../Core/Src/ili9341.c:267:13:ConvHL	24	static
../Core/Src/ili9341.c:280:6:ILI9341_DrawBitmap	16	static
../Core/Src/ili9341.c:292:6:ILI9341_DrawBitmapDMA	16	static
../Core/Src/ili9341.c:304:6:ILI9341_EndOfDrawBitmap	4	static
../Core/Src/ili9341.c:309:6:ILI9341_Reset	8	static
../Core/Src/ili9341.c:319:6:ILI9341_SoftReset	16	static
../Core/Src/ili9341.c:330:6:LCD_WR_REG	16	static
../Core/Src/ili9341.c:338:13:LCD_WR_DATA	16	static
../Core/Src/ili9341.c:346:13:LCD_direction	16	static
