../Core/Src/xpt2046.c:39:13:XPT2046_SetCS	8	static
../Core/Src/xpt2046.c:44:13:XPT2046_ResetCS	8	static
../Core/Src/xpt2046.c:49:6:writeSPI	16	static
../Core/Src/xpt2046.c:54:6:readSPI	16	static
../Core/Src/xpt2046.c:59:6:T_Delay	16	static
../Core/Src/xpt2046.c:79:13:XPT2046_Write_Byte	16	static
../Core/Src/xpt2046.c:84:17:XPT2046_Read_AD	24	static
../Core/Src/xpt2046.c:103:16:besttwoavg	24	static
../Core/Src/xpt2046.c:117:6:XPT2046_Init	4	static
../Core/Src/xpt2046.c:122:6:XPT2046_Update	40	static
../Core/Src/xpt2046.c:160:9:XPT2046_IsReasonable	16	static
